# generated on Mon Aug 26 19:39:36 2024
# Top Cell: SYS_TOP

------------------------------------------------------------
     optDesign Final Summary                             
------------------------------------------------------------

+--------------------+---------+---------+---------+---------+---------+---------+
|     Setup mode     |   all   | reg2reg | in2reg  | reg2out | in2out  | clkgate |
+--------------------+---------+---------+---------+---------+---------+---------+
|           WNS (ns):| 15.653  | 18.817  | 15.653  | 77.186  |   N/A   |   N/A   |
|           TNS (ns):|  0.000  |  0.000  |  0.000  |  0.000  |   N/A   |   N/A   |
|    Violating Paths:|    0    |    0    |    0    |    0    |   N/A   |   N/A   |
|          All Paths:|  1430   |   740   |   686   |    4    |   N/A   |   N/A   |
+--------------------+---------+---------+---------+---------+---------+---------+

+----------------+---------------------------+--------------+
|                |            Real           |     Total    |
|    DRVs        +--------------+------------+--------------|
|                |Nr nets(terms)| Worst Vio  |Nr nets(terms)|
+----------------+--------------+------------+--------------+
|   max_cap      |    0 (0)     |   0.000    |    0 (0)     |
|   max_tran     |    0 (0)     |   0.000    |    0 (0)     |
|   max_fanout   |    0 (0)     |     0      |    0 (0)     |
+----------------+--------------+------------+--------------+

Density: 75.269%
Routing Overflow: 0.00% H and 0.44% V
------------------------------------------------------------
